------------------------------------------------------------
Timing Analyzer Summary
------------------------------------------------------------

Type  : Slow 1200mV 85C Model Setup 'MAX10_CLK1_50'
Slack : -3.890
TNS   : -49.438

Type  : Slow 1200mV 85C Model Setup 'ClockDivider:clk_div_inst|clk_out'
Slack : -3.730
TNS   : -107.290

Type  : Slow 1200mV 85C Model Hold 'ClockDivider:clk_div_inst|clk_out'
Slack : 0.329
TNS   : 0.000

Type  : Slow 1200mV 85C Model Hold 'MAX10_CLK1_50'
Slack : 0.426
TNS   : 0.000

Type  : Slow 1200mV 85C Model Minimum Pulse Width 'MAX10_CLK1_50'
Slack : -3.000
TNS   : -39.478

Type  : Slow 1200mV 85C Model Minimum Pulse Width 'ClockDivider:clk_div_inst|clk_out'
Slack : -1.403
TNS   : -60.329

Type  : Slow 1200mV 0C Model Setup 'MAX10_CLK1_50'
Slack : -3.534
TNS   : -42.969

Type  : Slow 1200mV 0C Model Setup 'ClockDivider:clk_div_inst|clk_out'
Slack : -3.364
TNS   : -95.328

Type  : Slow 1200mV 0C Model Hold 'ClockDivider:clk_div_inst|clk_out'
Slack : 0.295
TNS   : 0.000

Type  : Slow 1200mV 0C Model Hold 'MAX10_CLK1_50'
Slack : 0.392
TNS   : 0.000

Type  : Slow 1200mV 0C Model Minimum Pulse Width 'MAX10_CLK1_50'
Slack : -3.000
TNS   : -39.478

Type  : Slow 1200mV 0C Model Minimum Pulse Width 'ClockDivider:clk_div_inst|clk_out'
Slack : -1.403
TNS   : -60.329

Type  : Fast 1200mV 0C Model Setup 'MAX10_CLK1_50'
Slack : -1.162
TNS   : -7.551

Type  : Fast 1200mV 0C Model Setup 'ClockDivider:clk_div_inst|clk_out'
Slack : -1.014
TNS   : -24.140

Type  : Fast 1200mV 0C Model Hold 'ClockDivider:clk_div_inst|clk_out'
Slack : 0.143
TNS   : 0.000

Type  : Fast 1200mV 0C Model Hold 'MAX10_CLK1_50'
Slack : 0.171
TNS   : 0.000

Type  : Fast 1200mV 0C Model Minimum Pulse Width 'MAX10_CLK1_50'
Slack : -3.000
TNS   : -33.435

Type  : Fast 1200mV 0C Model Minimum Pulse Width 'ClockDivider:clk_div_inst|clk_out'
Slack : -1.000
TNS   : -43.000

------------------------------------------------------------
